[2m2026-06-06T03:05:51.673963Z[0m [32m INFO[0m [2mrust_broker[0m[2m:[0m [AeroMQ Broker] Initializing Storage Broker 2...
[2m2026-06-06T03:05:51.674003Z[0m [32m INFO[0m [2mrust_broker[0m[2m:[0m [AeroMQ Broker] Commit Log Storage: "./data/broker_2"
[2m2026-06-06T03:05:51.674584Z[0m [32m INFO[0m [2mrust_broker[0m[2m:[0m [AeroMQ Broker] Pinned worker thread 0 to CPU core 0
[2m2026-06-06T03:05:51.674683Z[0m [32m INFO[0m [2mrust_broker[0m[2m:[0m [AeroMQ Broker] Pinned worker thread 3 to CPU core 3
[2m2026-06-06T03:05:51.674723Z[0m [32m INFO[0m [2mrust_broker[0m[2m:[0m [AeroMQ Broker] Pinned worker thread 1 to CPU core 1
[2m2026-06-06T03:05:51.674724Z[0m [32m INFO[0m [2mrust_broker[0m[2m:[0m [AeroMQ Broker] Pinned worker thread 4 to CPU core 4
[2m2026-06-06T03:05:51.674752Z[0m [32m INFO[0m [2mrust_broker[0m[2m:[0m [AeroMQ Broker] Pinned worker thread 5 to CPU core 5
[2m2026-06-06T03:05:51.674804Z[0m [32m INFO[0m [2mrust_broker[0m[2m:[0m [AeroMQ Broker] Pinned worker thread 7 to CPU core 7
[2m2026-06-06T03:05:51.674846Z[0m [32m INFO[0m [2mrust_broker[0m[2m:[0m [AeroMQ Broker] Pinned worker thread 8 to CPU core 8
[2m2026-06-06T03:05:51.674978Z[0m [32m INFO[0m [2mrust_broker::grpc[0m[2m:[0m [AeroMQ Broker] Connecting to controller at http://127.0.0.1:8001...
[2m2026-06-06T03:05:51.675003Z[0m [32m INFO[0m [2mrust_broker::net::server[0m[2m:[0m [AeroMQ Broker] Data Plane TCP Server listening on 127.0.0.1:9092
[2m2026-06-06T03:05:51.675038Z[0m [32m INFO[0m [2mrust_broker[0m[2m:[0m [AeroMQ Broker] Pinned worker thread 11 to CPU core 11
[2m2026-06-06T03:05:51.674985Z[0m [32m INFO[0m [2mrust_broker[0m[2m:[0m [AeroMQ Broker] Pinned worker thread 9 to CPU core 9
[2m2026-06-06T03:05:51.674978Z[0m [32m INFO[0m [2mrust_broker[0m[2m:[0m [AeroMQ Broker] Pinned worker thread 10 to CPU core 10
[2m2026-06-06T03:05:51.675414Z[0m [32m INFO[0m [2mrust_broker[0m[2m:[0m [AeroMQ Broker] Pinned worker thread 2 to CPU core 2
[2m2026-06-06T03:05:51.675990Z[0m [32m INFO[0m [2mrust_broker::grpc[0m[2m:[0m [AeroMQ Broker] Successfully registered broker 2 with control plane
[2m2026-06-06T03:05:51.677537Z[0m [32m INFO[0m [2mrust_broker[0m[2m:[0m [AeroMQ Broker] Pinned worker thread 6 to CPU core 6
[2m2026-06-06T03:05:57.686828Z[0m [32m INFO[0m [2mrust_broker::grpc[0m[2m:[0m [AeroMQ Broker] Replicated partition test-integration-1780715153/0 offset 0 from leader 1 (40 bytes)
[2m2026-06-06T03:05:59.687557Z[0m [32m INFO[0m [2mrust_broker::grpc[0m[2m:[0m [AeroMQ Broker] Replicated partition test-integration-1780715153/0 offset 1 from leader 1 (40 bytes)
[2m2026-06-06T03:06:01.628036Z[0m [32m INFO[0m [2mrust_broker[0m[2m:[0m [AeroMQ Broker] Initializing Storage Broker 2...
[2m2026-06-06T03:06:01.628108Z[0m [32m INFO[0m [2mrust_broker[0m[2m:[0m [AeroMQ Broker] Commit Log Storage: "./data/broker_2"
[2m2026-06-06T03:06:01.629080Z[0m [32m INFO[0m [2mrust_broker::net::server[0m[2m:[0m [AeroMQ Broker] Data Plane TCP Server listening on 127.0.0.1:9092
[2m2026-06-06T03:06:01.629110Z[0m [32m INFO[0m [2mrust_broker[0m[2m:[0m [AeroMQ Broker] Pinned worker thread 0 to CPU core 0
[2m2026-06-06T03:06:01.629201Z[0m [32m INFO[0m [2mrust_broker::grpc[0m[2m:[0m [AeroMQ Broker] Connecting to controller at http://127.0.0.1:8001...
[2m2026-06-06T03:06:01.629135Z[0m [32m INFO[0m [2mrust_broker[0m[2m:[0m [AeroMQ Broker] Pinned worker thread 2 to CPU core 2
[2m2026-06-06T03:06:01.629141Z[0m [32m INFO[0m [2mrust_broker[0m[2m:[0m [AeroMQ Broker] Pinned worker thread 1 to CPU core 1
[2m2026-06-06T03:06:01.629286Z[0m [32m INFO[0m [2mrust_broker[0m[2m:[0m [AeroMQ Broker] Pinned worker thread 3 to CPU core 3
[2m2026-06-06T03:06:01.629400Z[0m [32m INFO[0m [2mrust_broker[0m[2m:[0m [AeroMQ Broker] Pinned worker thread 4 to CPU core 4
[2m2026-06-06T03:06:01.629517Z[0m [32m INFO[0m [2mrust_broker[0m[2m:[0m [AeroMQ Broker] Pinned worker thread 6 to CPU core 6
[2m2026-06-06T03:06:01.629575Z[0m [32m INFO[0m [2mrust_broker[0m[2m:[0m [AeroMQ Broker] Pinned worker thread 5 to CPU core 5
[2m2026-06-06T03:06:01.629629Z[0m [32m INFO[0m [2mrust_broker[0m[2m:[0m [AeroMQ Broker] Pinned worker thread 8 to CPU core 8
[2m2026-06-06T03:06:01.629729Z[0m [32m INFO[0m [2mrust_broker[0m[2m:[0m [AeroMQ Broker] Pinned worker thread 9 to CPU core 9
[2m2026-06-06T03:06:01.629780Z[0m [32m INFO[0m [2mrust_broker[0m[2m:[0m [AeroMQ Broker] Pinned worker thread 7 to CPU core 7
[2m2026-06-06T03:06:01.629789Z[0m [32m INFO[0m [2mrust_broker[0m[2m:[0m [AeroMQ Broker] Pinned worker thread 10 to CPU core 10
[2m2026-06-06T03:06:01.629943Z[0m [32m INFO[0m [2mrust_broker[0m[2m:[0m [AeroMQ Broker] Pinned worker thread 11 to CPU core 11
[2m2026-06-06T03:06:01.631013Z[0m [32m INFO[0m [2mrust_broker::grpc[0m[2m:[0m [AeroMQ Broker] Successfully registered broker 2 with control plane
[2m2026-06-06T03:06:01.633736Z[0m [32m INFO[0m [2mrust_broker::grpc[0m[2m:[0m [AeroMQ Broker] Replicated partition test-integration-1780715153/0 offset 2 from leader 1 (40 bytes)
[2m2026-06-06T03:06:03.634258Z[0m [32m INFO[0m [2mrust_broker::grpc[0m[2m:[0m [AeroMQ Broker] Replicated partition test-integration-1780715153/0 offset 3 from leader 1 (40 bytes)
[2m2026-06-06T03:06:05.639089Z[0m [32m INFO[0m [2mrust_broker::grpc[0m[2m:[0m [AeroMQ Broker] Replicated partition test-integration-1780715153/0 offset 4 from leader 1 (40 bytes)
[2m2026-06-06T03:06:07.642102Z[0m [32m INFO[0m [2mrust_broker::log::manager[0m[2m:[0m [AeroMQ Broker] Segment 0 rolled over and copied to cold storage: "./data/cold_storage/broker_2/test-integration-1780715153/partition_0/00000000000000000000.log"
[2m2026-06-06T03:06:07.642238Z[0m [32m INFO[0m [2mrust_broker::grpc[0m[2m:[0m [AeroMQ Broker] Replicated partition test-integration-1780715153/0 offset 5 from leader 1 (40 bytes)
[2m2026-06-06T03:06:09.642353Z[0m [32m INFO[0m [2mrust_broker::grpc[0m[2m:[0m [AeroMQ Broker] Replicated partition test-integration-1780715153/0 offset 6 from leader 1 (17 bytes)
[2m2026-06-06T03:06:20.771160Z[0m [32m INFO[0m [2mrust_broker::net::server[0m[2m:[0m [AeroMQ Broker] Accepted connection from 127.0.0.1:45560 on CPU core 2
[2m2026-06-06T03:06:20.773039Z[0m [32m INFO[0m [2mrust_broker[0m[2m:[0m [AeroMQ Broker] Pinned worker thread 12 to CPU core 0
